---
namespace: Compile
expectation: Pass
outputs:
  - circuit:
      num_public_variables: 0
      num_private_variables: 6
      num_constraints: 6
      at: 99967e4032e270c3cc179adfd6ebe63260d7384898dc8f4049750e805a580bf6
      bt: e0b9d6b777674bcb3a83d487847a861ef22195c794a66ae796728d406623a933
      ct: 42dfac82945af84791965d1a9d4e283d05b3eb90019983ac199ea04f4e476118
    output:
      - input_file: input/basic.in
        output:
          registers:
            b:
              type: bool
              value: "true"
    initial_ast: ff1e35d58ed8349b08da2313364a055ec889138dea77c6b2c8664ed0fc84f800
    ir: caa8813474be4437124b83d9a8371b1e22364cf8256d5d006259611d9e7ce9e2
    imports_resolved_ast: d1259856c8445569af33abd7457c5123b380cd4f2ca45ec47789a43f6edcad62
    canonicalized_ast: d1259856c8445569af33abd7457c5123b380cd4f2ca45ec47789a43f6edcad62
    type_inferenced_ast: 7fa85734c3d79eeac1653ac9fd8a9fdae56d5ac4b478322be6f935c2cfb5086b
