---
namespace: Compile
expectation: Pass
outputs:
  - circuit:
      num_public_variables: 0
      num_private_variables: 1023
      num_constraints: 1023
      at: 278a8c597ed67e116cc48c47a1562d13c8f44f0d3d4b6b5e32772fddd0030a74
      bt: 237d059231a317253c171aeef490039b72d3b47dbaf95aba5648c9c46581f080
      ct: 88c5ce74e34d546286a456cc2945c4a58b5c73402d4405c5b72e7b7d65450971
    output:
      - input_file: inputs/address1.in
        output:
          registers:
            a:
              type: bool
              value: "false"
      - input_file: inputs/address2.in
        output:
          registers:
            a:
              type: bool
              value: "false"
    initial_ast: b02abb1f8c3b6ffe3bafb5735b32ef0e532afdb78ad50d0dad3ec040de3f4fe5
    ir: 851424f3424e233fa7cd94c036149540584dc77851af731ae304fc22c2a296d5
    imports_resolved_ast: c2b691e63f777a6d343bc64a23f86092ba3527db782852b82ef6d1deb63fa176
    canonicalized_ast: c2b691e63f777a6d343bc64a23f86092ba3527db782852b82ef6d1deb63fa176
    type_inferenced_ast: 13ff4eaccebee464c11315a7ce41afda9917143b98080d285357835070fbdda8
