---
namespace: Compile
expectation: Pass
outputs:
  - circuit:
      num_public_variables: 0
      num_private_variables: 5
      num_constraints: 6
      at: ea56b01adecfc451076026ad07934373377decfe576c491286569d2afbdde006
      bt: 2a179ef5503a9c423b1445185accedeabb26d8c1080df9b294ddfebe59aea973
      ct: 3118eb9d639795a7455e7dd026d2ad80cf800795387cc7e62d4b8e48ed1db009
    output:
      - input_file: input/dummy.in
        output:
          registers:
            r0:
              type: bool
              value: "true"
    initial_ast: 6baa90774d1f394a6b97ff3718f1cef75fe2e34b6300dccc0403dfdba033ac52
    ir: 14e3f1003654befaa3a09571e9b39bdcf0e4f54bd4313f54eebffc5b77b48cd7
    imports_resolved_ast: 36b4b024ebc06eb816342fe29823f3f7e757e0752c36ab86263dc7ab5fe57f8e
    canonicalized_ast: 2a349e95c8e4f62d92588f06b2ee9ab50519f5a00ef967eeea890397f2379052
    type_inferenced_ast: d242bf218cd3ae173936fb059b154a2d33205a4a85ddf4248f1855ecc9842304
