---
namespace: Compile
expectation: Pass
outputs:
  - circuit:
      num_public_variables: 0
      num_private_variables: 64
      num_constraints: 64
      at: 01c6d80e52a839ef0568eb639fa4b0cd7d13abd89a265059b410ff06e8ff35e7
      bt: 91281531f241a4c0daae73a6065b7bb9c02b3924eb2af9cad3ed8d553ae7e7db
      ct: 701ed4acc0b3bbd4f42ddb3b311377c3cf3dcb69c8ca8cb0124a8e3a21dc0568
    output:
      - input_file: u16_g.in
        output:
          registers:
            r0:
              type: bool
              value: "true"
    initial_ast: 5e44a96d239c2bd6264755f5c7d1f2f370148814abf0c305877717a54e491d1f
    ir: 68bcf1d3fc76dff142b821b1238259cbe051e20c2447a1d33798a45261b470fd
    imports_resolved_ast: a17536325e18575976b92be49a32ab78dc1e29b73654574371cc3505ba399b29
    canonicalized_ast: a17536325e18575976b92be49a32ab78dc1e29b73654574371cc3505ba399b29
    type_inferenced_ast: 65b670f5a91f45000a86ca827483a309529ba49dd55c65dc97c4c56f809bb047
