---
namespace: Compile
expectation: Pass
outputs:
  - circuit:
      num_public_variables: 0
      num_private_variables: 66
      num_constraints: 66
      at: 31de4c354f0fffe290403b67743a9fbdc4e9ed03a9abb79b71e63bcf00796c41
      bt: 523d72d379751dfd98c35c368e92ffe62ebcfa139e2c95a7ec2f0bd64031d807
      ct: b522ae835602f418c223e8987424c0b34eda5bcb4a51d511fdeba8fd8f653e5b
    output:
      - input_file: ne.in
        output:
          registers:
            r0:
              type: bool
              value: "true"
    initial_ast: 7818bba083fe4b88ca678f6df117734987f5173d1665dc422cbe040ece67a6e8
    ir: 4a15b0cda0863a519fdaf2a27ef44dd1b22434ed3ac544d9efc7ed744f6faa6b
    imports_resolved_ast: e6e4a4df4caa04c170b0239f66b01ca7ebb551cfaaf3b5596e020005924cc06f
    canonicalized_ast: e6e4a4df4caa04c170b0239f66b01ca7ebb551cfaaf3b5596e020005924cc06f
    type_inferenced_ast: ac00b69301aa8d74f20b6a17addd43db56d6331d58a8b11267f421f7104a4feb
