---
namespace: Compile
expectation: Pass
outputs:
  - circuit:
      num_public_variables: 0
      num_private_variables: 2
      num_constraints: 2
      at: 401937c524c61a28b4fab76d7a1f85bb628850012af62362a0922610372faf92
      bt: cdf9a9cee4f2edf55111a95ae60bde9801080f6bde638a5c79273a39a2f9f7f5
      ct: 643d5437104296e21d906ecb15b2c96ad278f20cfc4af53b12bb6069bd853726
    output:
      - input_file: "../input/dummy.in"
        output:
          registers:
            r0:
              type: bool
              value: "true"
    initial_ast: d1604967cddf0fe598c03b7db3414965b56ed0cfa2c200c6b356148e128cec9b
    ir: f681350052b6120166068111f4d3721622be16451226c96541606c1699a4ee23
    imports_resolved_ast: 0692c9d8e3b390ff303eaa63db5abf61ee3350fcb60e4b48d0fd5a6f3bf1b5ba
    canonicalized_ast: 0692c9d8e3b390ff303eaa63db5abf61ee3350fcb60e4b48d0fd5a6f3bf1b5ba
    type_inferenced_ast: 1d1cbdc892347ffcd48a4cbf2e4111cb3a5fd4220e42fe62c0af4a2c7e269bdf
