---
namespace: Compile
expectation: Pass
outputs:
  - circuit:
      num_public_variables: 0
      num_private_variables: 50432
      num_constraints: 66945
      at: 4636947cb24072f3a4963d222f4f53cfa9e23b69b2bda5cfde2d7e077b53993a
      bt: f97bd7959dcdb5ba25f65126b1a0551ef894ff042aa746492a979fd787d8e073
      ct: 6874f0d801785146e6deb0896481ec70d78e07eac220810f49f343fa7131e2de
    output:
      - input_file: mul.in
        output:
          registers:
            r0:
              type: bool
              value: "false"
    initial_ast: 4cb1c816805b3d54c7a8d57ccabc8fdcea532e6a05516d5830b16459405ba30e
    ir: 5c2f6727be7a9708729fff22917226e73770d179daf36d93408650852552df73
    imports_resolved_ast: f68a26dd1c77d434f1c2685fdfa6bf4250f6b82ba85f3555d9e23d7f50c08f66
    canonicalized_ast: f68a26dd1c77d434f1c2685fdfa6bf4250f6b82ba85f3555d9e23d7f50c08f66
    type_inferenced_ast: fd3bf3ed73ab3ff9e77bccb2fc753b963b1995d6e7b788be232c920ebc288e99
