---
namespace: Compile
expectation: Pass
outputs:
  - circuit:
      num_public_variables: 0
      num_private_variables: 114
      num_constraints: 114
      at: 4d1b1a35e50bafb5d4dce22ff150bb84533d9271a10683c82c4a9af7bb7a9b68
      bt: ab05975054ad7ac3da170ffbff7b71ce84d40d4da6c9377b4679efbb8ff83d86
      ct: 1e1930b0bfcd18365697cc1922dc88913f6dcbdc4dc9ed5cf6c7d5369433f722
    output:
      - input_file: i16_l.in
        output:
          registers:
            r0:
              type: bool
              value: "true"
      - input_file: i16_e.in
        output:
          registers:
            r0:
              type: bool
              value: "true"
    initial_ast: d35143e4c1864d5b0b32f174a6eb395119405b22badc62eb2630ed4dad40c63d
    ir: 2c1d172fcd9bfc23af74b599c605f0b0a99db43031b270745620ff26cb23ebf7
    imports_resolved_ast: 80bdfe46dd027373d14482262c907d4631668ff2a1e5e2fe38b1b2fa1432c1b7
    canonicalized_ast: 80bdfe46dd027373d14482262c907d4631668ff2a1e5e2fe38b1b2fa1432c1b7
    type_inferenced_ast: 2fc42545178db7af565f9fac2c81921d4a9b5d4373f5ec352a9f8eb333d0ba73
