---
namespace: Compile
expectation: Pass
outputs:
  - circuit:
      num_public_variables: 0
      num_private_variables: 2
      num_constraints: 2
      at: 401937c524c61a28b4fab76d7a1f85bb628850012af62362a0922610372faf92
      bt: cdf9a9cee4f2edf55111a95ae60bde9801080f6bde638a5c79273a39a2f9f7f5
      ct: 643d5437104296e21d906ecb15b2c96ad278f20cfc4af53b12bb6069bd853726
    output:
      - input_file: "../input/dummy.in"
        output:
          registers:
            r0:
              type: bool
              value: "true"
    initial_ast: 0957b87e25fd63d1c5e7f5f4d4734aa23cce8c64b3a5e3ab05bbe2723d07a7e5
    ir: f4e6808d2a84f88d84bda4fb546c62fb39af54f5fc5ba0962c72feb455d4b5b5
    imports_resolved_ast: 266f9c0255dcc2cd4027cc1dbb8baaaabb6e97d6e4502625ac51b4ee35240835
    canonicalized_ast: 266f9c0255dcc2cd4027cc1dbb8baaaabb6e97d6e4502625ac51b4ee35240835
    type_inferenced_ast: 266927484bdad2d1ba4bf57efdfc1e8e9d21cbf5b1263c3bc5cf5bd9dc70e81c
