---
namespace: Compile
expectation: Pass
outputs:
  - circuit:
      num_public_variables: 0
      num_private_variables: 4
      num_constraints: 4
      at: ba65c8c85d676559099b1e0b0b0409fc2af441050591ecbbdd00319fd879f941
      bt: 89fc68aab179f6cf1f33e0e9313f7d7e73fcb89048e3bc03c14705b1686ae2bb
      ct: 210e130878aabaf46f1fe72749a263f9eb71c6a262b80f13882ed08d472c0ecd
    output:
      - input_file: inputs/true_true.in
        output:
          registers:
            b:
              type: bool
              value: "true"
            c:
              type: bool
              value: "false"
    initial_ast: 76aca52645d86601c71a6cb7848f1b664acca30b7101b93a1c719dd9f69fb3c8
    ir: 9ce7ca4aa43edbcfd0dfac5fb33bcdd2666fafc0aa0138f5b02f3e522039bc23
    imports_resolved_ast: 7d5666037b1cc65ffc063b8e13b68970057bb094fbf8743cb86e63df1bff3805
    canonicalized_ast: 7d5666037b1cc65ffc063b8e13b68970057bb094fbf8743cb86e63df1bff3805
    type_inferenced_ast: fc8529c4bdf46d1004b48e0393f5869818f1226a62b318f6853cb42854ac3916
