---
namespace: Compile
expectation: Pass
outputs:
  - circuit:
      num_public_variables: 0
      num_private_variables: 264821
      num_constraints: 330869
      at: 667de6434fb9c8c99f4805993ac18f0065e8d8133147ea33ad0ede3ae6e86903
      bt: f8f67d095538f76ab156cab6cea435d9f7ddbe2df84526d549d7c921aa6ae778
      ct: 92967c3133a762eff80408fadbe1b3c567996cd304b1eb8456155000b9c9d11c
    output:
      - input_file: i128.in
        output:
          registers:
            r0:
              type: bool
              value: "true"
    initial_ast: 69bfeed90c45101412d7de0af796793518fa47965eb91f952f2d22df5656fc7a
    ir: 5b3cf56d0e7209fe090ff8751bea40718100827c74a8ed1d65c5aa811406edba
    imports_resolved_ast: 1bac10928e2dc62d83bc21f0c7592350eeadad2b4f616df10f37af4c5198d935
    canonicalized_ast: 1bac10928e2dc62d83bc21f0c7592350eeadad2b4f616df10f37af4c5198d935
    type_inferenced_ast: 46ebb17857d18b6f425e1549a61f05c37113fb19a1b7f5c2d296da3754847799
