---
namespace: Compile
expectation: Pass
outputs:
  - circuit:
      num_public_variables: 0
      num_private_variables: 2
      num_constraints: 2
      at: 401937c524c61a28b4fab76d7a1f85bb628850012af62362a0922610372faf92
      bt: cdf9a9cee4f2edf55111a95ae60bde9801080f6bde638a5c79273a39a2f9f7f5
      ct: 643d5437104296e21d906ecb15b2c96ad278f20cfc4af53b12bb6069bd853726
    output:
      - input_file: dummy.in
        output:
          registers:
            r0:
              type: bool
              value: "true"
    initial_ast: beb9c8f40cd0a8a382cf20271f729788d6a58c1f8424b5204d4f34481998ae14
    ir: 80d454b9ad5a78308514af4f5f6e4a9662cfeb35fb9750ffae16e28ddf38a55a
    imports_resolved_ast: 9c8413f0f270fe5efc8489bbaf8272cf457aff617619998a8b5c37cdddba2cb0
    canonicalized_ast: 9c8413f0f270fe5efc8489bbaf8272cf457aff617619998a8b5c37cdddba2cb0
    type_inferenced_ast: 5d74491cd827212d04e451c0248a97e9dc608b83f2089de68c41460ae71d3413
