---
namespace: Compile
expectation: Pass
outputs:
  - circuit:
      num_public_variables: 0
      num_private_variables: 2
      num_constraints: 2
      at: 401937c524c61a28b4fab76d7a1f85bb628850012af62362a0922610372faf92
      bt: cdf9a9cee4f2edf55111a95ae60bde9801080f6bde638a5c79273a39a2f9f7f5
      ct: 643d5437104296e21d906ecb15b2c96ad278f20cfc4af53b12bb6069bd853726
    output:
      - input_file: "../input/dummy.in"
        output:
          registers:
            r0:
              type: bool
              value: "true"
    initial_ast: cc1b376fc24b30b61e27e5e68a4b386f9b4ea83a6dd3c1d49976d66153c9c26b
    ir: b61853df16f98b541fbfb1fd2f29c8b427400d2adac6122a5711c98cd7b5afcc
    imports_resolved_ast: e688e23ab137b278cb4f4cd713c9b5a06eceedad1cf88737ec88368096ffa7cd
    canonicalized_ast: e688e23ab137b278cb4f4cd713c9b5a06eceedad1cf88737ec88368096ffa7cd
    type_inferenced_ast: 8757cacf2eee6ea17bce977f3a5bb0599f1d7928fe99757a13380101123bd178
