---
namespace: Compile
expectation: Pass
outputs:
  - circuit:
      num_public_variables: 0
      num_private_variables: 1151
      num_constraints: 1439
      at: 829afe74a66d2cc4974bc687a4922ec181cd49bf6bf7bd32232cc46549f9f714
      bt: b702bfa3245fd3794d4057ae3f012aaeb28341b189bd8d12346e90aa85758193
      ct: 526086cb2e2126ce8d1664ecaf53490ecc1bdebcec932dd653439f30bd5377aa
    output:
      - input_file: i8.in
        output:
          registers:
            r0:
              type: bool
              value: "true"
    initial_ast: 10a8ac18af71741b5d9ed1021c63387b08424d47da5911cebf407857d3e8d76d
    ir: 3929552e1c587efdd40dff3e9ba87819dbd59d280ae629ab0994b92ce00dac46
    imports_resolved_ast: 35cc415fa4ca1bbec2a1efa11f5fb799b519c9d8dbecec4ae9282c3981ca30b0
    canonicalized_ast: 35cc415fa4ca1bbec2a1efa11f5fb799b519c9d8dbecec4ae9282c3981ca30b0
    type_inferenced_ast: 7f929a3801c7f6822a734c8e1ae059c2a84e7bf438bd1ac3ccde7fde146a39dd
