---
namespace: Compile
expectation: Pass
outputs:
  - circuit:
      num_public_variables: 0
      num_private_variables: 58
      num_constraints: 58
      at: e8182c2323c206897ac38d11511879d8ebc9239b25811b95a3e52aef8b1c6a8f
      bt: 0a2e97c7d5440c23fbaacae9cd4b5280527d0db0c58e0bc360102f7c1629df48
      ct: 01bde22d4fb741f6f8503007d771bd8b644fa36dbe2a667827e6766a2b461546
    output:
      - input_file: i8_l.in
        output:
          registers:
            r0:
              type: bool
              value: "true"
      - input_file: i8_e.in
        output:
          registers:
            r0:
              type: bool
              value: "true"
    initial_ast: 98a6185d1509249276dc375a9c290c27acd79580b7c4e57b4735d1110fb692e2
    ir: a9829176ba96bb78a07991b232be14bc0de42691c4ffce6fd3c44247d158e16b
    imports_resolved_ast: 7edd027e6e5e6d1c0588e42945186e2686fc3517fabd30e6974dbddfb60047f4
    canonicalized_ast: 7edd027e6e5e6d1c0588e42945186e2686fc3517fabd30e6974dbddfb60047f4
    type_inferenced_ast: d1c59f27db8ba407fdf9b2f2a49902b32130afd5dbf1f9ea8275753fba6b3cb2
