---
namespace: Compile
expectation: Pass
outputs:
  - circuit:
      num_public_variables: 0
      num_private_variables: 2
      num_constraints: 2
      at: 401937c524c61a28b4fab76d7a1f85bb628850012af62362a0922610372faf92
      bt: cdf9a9cee4f2edf55111a95ae60bde9801080f6bde638a5c79273a39a2f9f7f5
      ct: 643d5437104296e21d906ecb15b2c96ad278f20cfc4af53b12bb6069bd853726
    output:
      - input_file: "../input/dummy.in"
        output:
          registers:
            r0:
              type: bool
              value: "true"
    initial_ast: e1a86cc0736a925700e6083d4c81fd7d96133db7617c47566014153654dbf43e
    ir: e0f2dcf3e0e3d59267827954eda016d53108bc65a7dbfed7d4d88e59e89473c0
    imports_resolved_ast: 1bf77dd4fb9a26db2d17d7aefc39246a99b96a4d0cd3dba30791b9a1d2f9c92c
    canonicalized_ast: 1bf77dd4fb9a26db2d17d7aefc39246a99b96a4d0cd3dba30791b9a1d2f9c92c
    type_inferenced_ast: 9714e15c79d4bbefddb7ae59a5b94a77717033c05b1d36b68dd58463c55d45ff
