---
namespace: Compile
expectation: Pass
outputs:
  - circuit:
      num_public_variables: 0
      num_private_variables: 224
      num_constraints: 224
      at: ccf19b025615a81b1f19967fd069c140849429e932a38b245cda98b9acea2191
      bt: 57f1871a8d1ff309df7590b6b67374f185bb1b17d18e0bad3d75c9f537675e70
      ct: b92d53399a71512b25b4ee9f35327fe8a8e658b444fcf397b0d8cd6790448ff5
    output:
      - input_file: input/main_multi_dimension_array.in
        output:
          registers:
            r0:
              type: bool
              value: "true"
    initial_ast: 21969ca778cce94e228736dca8b005ca8eb31df5ac699a0a3782c471145e801a
    ir: fe68b344b50b6914a1426946a39a5284b0a23655f32de5e55c0862f0c15f1de9
    imports_resolved_ast: 4abc24aa3eb1970c67e9eb3e1dda726dbdcc8a9ab8272236d07e7bc04fa40c61
    canonicalized_ast: 1dc8f09b934ad4013323bad0b4f46e3cf9521719022436a82c00588768b0e2cd
    type_inferenced_ast: 818fc4807bb8135fc87f0ca158658a149e4b3897d904bd95e75cb60551691eec
