---
namespace: Compile
expectation: Pass
outputs:
  - circuit:
      num_public_variables: 0
      num_private_variables: 2
      num_constraints: 2
      at: 401937c524c61a28b4fab76d7a1f85bb628850012af62362a0922610372faf92
      bt: cdf9a9cee4f2edf55111a95ae60bde9801080f6bde638a5c79273a39a2f9f7f5
      ct: 643d5437104296e21d906ecb15b2c96ad278f20cfc4af53b12bb6069bd853726
    output:
      - input_file: input/main_array.in
        output:
          registers:
            r0:
              type: bool
              value: "true"
    initial_ast: da3fc51b9b10708188f8ea2da09b7f967ef1feb7e1b86017fc967e656e5531fe
    ir: 497a30ca143f37c3c2c3681f9bc7e3f155b0aad13ea412ae1bcad3c4250d1431
    imports_resolved_ast: c46024a87169048c32b11efcecfa79acfde8ba784121854171212bd84e0cdcf6
    canonicalized_ast: c46024a87169048c32b11efcecfa79acfde8ba784121854171212bd84e0cdcf6
    type_inferenced_ast: 715f12db1c6096871b7d7bcb2b4d91f10775e5021c740b90f742e562bad91558
