---
namespace: Compile
expectation: Fail
outputs:
  - "f#0 i#1: `to_bits_le` call not implemented for target `FieldType(Variable(AllocatedFp { value: Some(Fp256(238)), variable: LC(LinearCombination([(Variable(Public(0)), Fp256(238))])) }))`"
