---
namespace: Compile
expectation: Pass
outputs:
  - circuit:
      num_public_variables: 0
      num_private_variables: 797
      num_constraints: 839
      at: 52c111e41978cb4469c35694ed1e92bf6f6c68f83ac7dfc028623187db49514a
      bt: 251c7dd6886ee1710cdeac09eb0e7ff3bd5cbf5a0a5352b3239cf87bd2fe7ea3
      ct: 25c3e75e62d533777156e620eb9d7fe1a7ec9d7d0a0a416cd5b3a0962ad0fa33
    output:
      - input_file: input/complex_access.in
        output:
          registers:
            out:
              type: bool
              value: "true"
    initial_ast: 3d3a0af0ad2ffe23baafecee3acb9353d4c1399b283c21caa1631f7f1cffeaa1
    ir: 999117eca3e6d459888e280189cf583c834acea3cbee15643bf31fc9953ec52d
    imports_resolved_ast: e887515f28d0d891defa886e7152ad9b5177506c8c7bb3906d7346950ace308f
    canonicalized_ast: 0476c06ddda8e9af77b2740e480659de0d420b06531c768f6acb3a7b2d2fb3d6
    type_inferenced_ast: fede0fb082e583313fb22c27f6a844223046e8d33fec7ede87346405a2f588b4
