---
namespace: Compile
expectation: Pass
outputs:
  - circuit:
      num_public_variables: 0
      num_private_variables: 2
      num_constraints: 2
      at: 401937c524c61a28b4fab76d7a1f85bb628850012af62362a0922610372faf92
      bt: cdf9a9cee4f2edf55111a95ae60bde9801080f6bde638a5c79273a39a2f9f7f5
      ct: 643d5437104296e21d906ecb15b2c96ad278f20cfc4af53b12bb6069bd853726
    output:
      - input_file: input/dummy.in
        output:
          registers:
            r0:
              type: bool
              value: "true"
    initial_ast: 92c0dba3a0071bdcee7260c6b3312de5253538ff51ef5fd3ab333b804230662b
    ir: 041654af055825c19aba97e98ac288261f3a74199a6fd0d35d68d7c506b71c7e
    imports_resolved_ast: 4ac10f63c2f38e38f564371c4029381deb8bfd1ddab369666a5cc2b6147e99e4
    canonicalized_ast: 5378fc02dc0dd3c70a44b3fae445283a8f73751c924732b172616e7433f04cc1
    type_inferenced_ast: 4bfd4f58e3821e2a1bdba7329817138283a38443f771893fc69baf091db30d64
