---
namespace: Compile
expectation: Pass
outputs:
  - circuit:
      num_public_variables: 0
      num_private_variables: 2
      num_constraints: 2
      at: 401937c524c61a28b4fab76d7a1f85bb628850012af62362a0922610372faf92
      bt: cdf9a9cee4f2edf55111a95ae60bde9801080f6bde638a5c79273a39a2f9f7f5
      ct: 643d5437104296e21d906ecb15b2c96ad278f20cfc4af53b12bb6069bd853726
    output:
      - input_file: inputs/dummy.in
        output:
          registers: {}
    initial_ast: 705016fac09c0f1c806ea44250b9a83b82396323885a2ccd2a47da3b436a6333
    ir: 2f04a065c3855073939152af4138478d1244af39b87b26270458ec4778c7c476
    imports_resolved_ast: 595200cc57c497b14ee94f3695d4ae3bdd225fe8af944e895099e6026ed43c07
    canonicalized_ast: e18cad34c4727a9fd43de808dc8852f38db2ed31e3a6941b5b15ce3730721ec3
    type_inferenced_ast: d40765aa2d9b28fd7ee570de5feac1434c426ed4a635db0a4e78021a8ee978dc
