---
namespace: Compile
expectation: Pass
outputs:
  - circuit:
      num_public_variables: 0
      num_private_variables: 258
      num_constraints: 258
      at: d7ccf7517d33463186a0ce8bb122b442e821fc279d06ac4daa7e102052c4998c
      bt: bcfda21ebe8071438bc4e97662f957d596ef81b8ed2773ca408d542da8aef7f9
      ct: 4758a85920559c2a5359b7d5f296301d7bf6c7d57024141db5597aa11dfa05f0
    output:
      - input_file: ne.in
        output:
          registers:
            r0:
              type: bool
              value: "true"
    initial_ast: fe151c73666772df051e5a5afb78c131102d34cc1facb9678ee67fe3a5400c75
    ir: 5197ef0b1995750d69f766eb6bc197d965fa47d19d8aae9ecf8e3c51d7becefd
    imports_resolved_ast: 716ed481a7b647c92cd06f5ac5f0b8567da5b9f3e655d0d3473a9a4eec622968
    canonicalized_ast: 716ed481a7b647c92cd06f5ac5f0b8567da5b9f3e655d0d3473a9a4eec622968
    type_inferenced_ast: adfe777d20a4bce0d1f4a0407b812605fbb302536fc1c858af827416310c2463
