---
namespace: Compile
expectation: Pass
outputs:
  - circuit:
      num_public_variables: 0
      num_private_variables: 2
      num_constraints: 2
      at: 401937c524c61a28b4fab76d7a1f85bb628850012af62362a0922610372faf92
      bt: cdf9a9cee4f2edf55111a95ae60bde9801080f6bde638a5c79273a39a2f9f7f5
      ct: 643d5437104296e21d906ecb15b2c96ad278f20cfc4af53b12bb6069bd853726
    output:
      - input_file: input/dummy.in
        output:
          registers:
            r0:
              type: bool
              value: "true"
    initial_ast: 4fd6f6bc4c8335664342f8f2a734a491bc816e7e855a1bcbcb33ebf638f8ee73
    ir: e63f09455fb730dfcc4ff50c2e18dc06690ea2bcda3d72fd342f06f0bb516f52
    imports_resolved_ast: dbda5b0b43dbd8259ad7a8d5f1e4acc06cfadfa0e665ad4d29d970b739b87262
    canonicalized_ast: dbda5b0b43dbd8259ad7a8d5f1e4acc06cfadfa0e665ad4d29d970b739b87262
    type_inferenced_ast: 8c2bdb4749380f07afb2341b42edbc203b3e005f3e97338f71a3f9cc69d66cff
