---
namespace: Compile
expectation: Pass
outputs:
  - circuit:
      num_public_variables: 0
      num_private_variables: 33824
      num_constraints: 50720
      at: 8681a26cb2bad65a15f5dcf65e567a3d4825abee031d1c9900275f360e440901
      bt: 1b22146d83d358443ab1150d7abe870ce8d9608959c954bbf2520ad1bfab0636
      ct: 4983a9e627ea065237da54296a75c61acc7274481a6e016bbd08c9c5769c5732
    output:
      - input_file: pedersen.in
        output:
          registers:
            r0:
              type: bool
              value: "true"
    initial_ast: e6c580ac421f1536ab4555dd9d83d3a9567ef1b0702f78d99567fac99606b51f
    ir: 0cd9b29f1a82b90297faa1b4fd6b70ca1bd0f1f0bedf100f8ade8ba9cc631b68
    imports_resolved_ast: c88ccee8a69f845ac38d2fbc7276903414862e6b6740a24a3204dece51a0f01a
    canonicalized_ast: 87e3243b418f35a757a521a5c364813be7adcd0da6af358fb0f37e663f2e84f0
    type_inferenced_ast: 5ccb48786dc9bab905cbcd3a12f1422d005d879b0c89a1ad94f00d22b92eb99b
