---
namespace: Compile
expectation: Pass
outputs:
  - circuit:
      num_public_variables: 0
      num_private_variables: 2
      num_constraints: 2
      at: 401937c524c61a28b4fab76d7a1f85bb628850012af62362a0922610372faf92
      bt: cdf9a9cee4f2edf55111a95ae60bde9801080f6bde638a5c79273a39a2f9f7f5
      ct: 643d5437104296e21d906ecb15b2c96ad278f20cfc4af53b12bb6069bd853726
    output:
      - input_file: input/dummy.in
        output:
          registers:
            r0:
              type: bool
              value: "true"
    initial_ast: ca60ad03f53b330edbafaf7e49ccc4576b8aefd2514548fc50027946e3bf5613
    ir: 27ff2673331355123412b8c67b2d05b65c7befa834095f08c3dc3f6e4ae6b3c7
    imports_resolved_ast: c5012a007915d13127a044f1b4c2464a137b62d9219c69ff8e8996326fb64d09
    canonicalized_ast: 06d8bcbabf97cbe2c422722a889af03f48c00cd1a07c4b4df4b0f11a2ba9b38a
    type_inferenced_ast: 5d10466bd7514b1b8baf412f9ef6cd2d52dcb5818e8eda083107ac70bbd366e4
