---
namespace: Compile
expectation: Pass
outputs:
  - circuit:
      num_public_variables: 0
      num_private_variables: 56
      num_constraints: 52
      at: 8dba074d66957c4cc6143f598a9463c02febcc67ed6d82571938268e705af1d2
      bt: 48356c8204a0f024389488c2d88c354d785d6e0033cf1a4e6027530d8eb5cb31
      ct: 6451adda7a84a3e18072e60d256f36845869ba0f02fac3cbf9a313df27433bef
    output:
      - input_file: inputs/string.in
        output:
          registers:
            out:
              type: bool
              value: "true"
      - input_file: inputs/weird.in
        output:
          registers:
            out:
              type: bool
              value: "true"
    initial_ast: 027ebed226840c544907254bf805e2ff94fd0303c9242c72af78632f26e1b33b
    ir: 15a60ecf00397246a9370524cb75f9544fe7e4b8a40c2a5853ca765ed538ab83
    imports_resolved_ast: ae32b9f4df59b1feb582df022748e9f075f6df80aaaa7862f7f728adc72567b4
    canonicalized_ast: 6e2c792d9f7bbc1d2614c793b4504c0a79b209b245e5feebd882fcd1becace76
    type_inferenced_ast: d37a9fe9502a9c51bd2d542421419d2e8b61d88448d5bc81b7bd2fd8cf4ca552
