---
namespace: Compile
expectation: Pass
outputs:
  - circuit:
      num_public_variables: 0
      num_private_variables: 130
      num_constraints: 130
      at: dad01714dd70f68e1d380d0279d70f20017ba2a0eb4c1de335a1e77d04e4d916
      bt: 55602ea32900427c414ebc7031becdca8c0c1e3d0ae5c2d863a9417c095f4b35
      ct: ac4b059cd20b396162487d8ac92f7267d5fa17d603fe1d6a7ae4d0939cd6bd42
    output:
      - input_file: i32.in
        output:
          registers:
            r0:
              type: bool
              value: "true"
    initial_ast: 58dba4691280898828c70746dcbb8b017b679be08e80d3dae097678472eb9b98
    ir: 0cde47154fbc14ea88b977b98af47c4514989aa4d4586fdb061df76761fa98f9
    imports_resolved_ast: 50fccabafa1e8337b2ec540332c39575181a9158999ea81a28fa9cf1439d4739
    canonicalized_ast: 50fccabafa1e8337b2ec540332c39575181a9158999ea81a28fa9cf1439d4739
    type_inferenced_ast: 56f32926f0416cb58433c4f24821c65041fb0bfd711dee462b7cdbbcfb52c828
