---
namespace: Compile
expectation: Pass
outputs:
  - circuit:
      num_public_variables: 0
      num_private_variables: 226
      num_constraints: 226
      at: c2c11d421c83cf7d8110353d8108076f78b553efecaacba35847c857aab267fb
      bt: 37226882f4ce32fc4c5443e5581ccc5e6f5c1c5a8039d6fa1d0c2cf242efc78a
      ct: 5c4c29895605623daa2d6c270ec8a463882fc2900921961ca3a9d73ef91dbc16
    output:
      - input_file: i32_e.in
        output:
          registers:
            r0:
              type: bool
              value: "true"
      - input_file: i32_g.in
        output:
          registers:
            r0:
              type: bool
              value: "true"
    initial_ast: 98b5f813db2ffe0d9a68ac57762ed225c7e5fe4454784aaa6603db24691354b2
    ir: 4c516ba964397de0a156b2a632364943c8a99be3a136714304765fbf025edbae
    imports_resolved_ast: 0473a6981fbc2df9c10654be595130452d2973f0d6ade9c21fcb0578beb8c0fb
    canonicalized_ast: 0473a6981fbc2df9c10654be595130452d2973f0d6ade9c21fcb0578beb8c0fb
    type_inferenced_ast: 218df318fe0723b81e305b1692794a5bbf9ec94d6b512183a4f6e4c804b2865d
