---
namespace: Compile
expectation: Pass
outputs:
  - circuit:
      num_public_variables: 0
      num_private_variables: 190
      num_constraints: 190
      at: c437829299b1bd54eaa34d8c2944282ae496ca8b406b3e63153cf90ea4b0c26c
      bt: f67ba97cf19e144d52250e3516f30b452853e281c130b71910357054f39ea93d
      ct: ae2919766d8ddb409fbf5f17d05162e79049d3266470ad7835a7a05c468d0538
    output:
      - input_file: i32.in
        output:
          registers:
            r0:
              type: bool
              value: "true"
      - input_file: i32.in
        output:
          registers:
            r0:
              type: bool
              value: "true"
    initial_ast: ec9b2a3decd34c1453fcf649214357a579e4d7784fe14d4b90ca12c98551e565
    ir: 3ec816ba2a6c83e7913a6d35f0019c6c5e52096dbc22c285b9f8975345b1ac40
    imports_resolved_ast: c5907257a6c74d398fc7ff923ced7b4b8d202afe2646d91f311d8f888d764264
    canonicalized_ast: c5907257a6c74d398fc7ff923ced7b4b8d202afe2646d91f311d8f888d764264
    type_inferenced_ast: 81129d15ca439eb6a878357398bc35598cf327fbf623fd518e32c57a7a2fbf5c
