---
namespace: Compile
expectation: Pass
outputs:
  - circuit:
      num_public_variables: 0
      num_private_variables: 1
      num_constraints: 1
      at: 042610d0fd1fe6d6ac112138f8755752f44c7d2a00f1b5960574d6da5cda393f
      bt: e97756698880ab7555a959a5fb5c6b4e15bd64612aa677adbfe2d0bd91f0a83c
      ct: cf1cbb66a638b4860a516671fb74850e6ccf787fe6c4c8d29e9c04efe880bd05
    output:
      - input_file: cond.in
        output:
          registers: {}
      - input_file: cond_2.in
        output:
          registers: {}
    initial_ast: 3cf94c31ba5c1017d5bc41d00ed5aae2c3135008f20dc443266ea5192b5ca953
    ir: 5147d8c1888f56e82ffeea52d456b5e867148aef0a009d0b36be9ef242f675ef
    imports_resolved_ast: 2fdb1310eea315fcb754435c61d5f60b8717e4e77232d50454e148c508bdb82a
    canonicalized_ast: 15ccc3b1f7feb8019bcf052a337a28217a5c3d6ad249f8f2911f4987827d72d0
    type_inferenced_ast: f8fa02f9f381d80804d091ff67d43025cca6adee0d88984b8dc349eb3c15c116
