---
namespace: Compile
expectation: Pass
outputs:
  - circuit:
      num_public_variables: 0
      num_private_variables: 2
      num_constraints: 2
      at: 401937c524c61a28b4fab76d7a1f85bb628850012af62362a0922610372faf92
      bt: cdf9a9cee4f2edf55111a95ae60bde9801080f6bde638a5c79273a39a2f9f7f5
      ct: 643d5437104296e21d906ecb15b2c96ad278f20cfc4af53b12bb6069bd853726
    output:
      - input_file: input/dummy.in
        output:
          registers:
            r0:
              type: bool
              value: "true"
    initial_ast: 4d94b2e41bfde9391113571391de5fc76a8f4d9bb38714a71c1637afe9d612fc
    ir: 808a6d9ba2c264679534b61de941ef0a58298b2590a49619081cd57c59314988
    imports_resolved_ast: cc60872955ada079cf8cd5497f18737d06d889fe07ec4937148def5decafe521
    canonicalized_ast: cc60872955ada079cf8cd5497f18737d06d889fe07ec4937148def5decafe521
    type_inferenced_ast: b27062048c753a08c8be6f526c13bfa958fab16d9f9c1a024bb3f5fcc209f643
