---
namespace: Compile
expectation: Pass
outputs:
  - circuit:
      num_public_variables: 0
      num_private_variables: 1851
      num_constraints: 2308
      at: 6a5f8a1c8d41b7e759d1259a686595b6397c4a4b5a8e655f62e637db21ca7909
      bt: 9a02f9052eb091bfced9221fda8900f1a0d1249b30bcc4b9e841d2defc978bc3
      ct: 3300eecdc155247c334e5290e13cf9906b58cbc1c2984cd7d623372f1fbe4e50
    output:
      - input_file: input/index1.in
        output:
          registers:
            r0:
              type: "[u32; 3]"
              value: "[3, 0, 3]"
      - input_file: input/index2.in
        output:
          registers:
            r0:
              type: "[u32; 3]"
              value: "[1, 5, 0]"
    initial_ast: eeb86b2c087ca9833623212ccda533a3005df2d731c659f2bb96928c6faef038
    ir: c78220041210ed00b6a9a47ece3388e8c989002dd8f75919ca7410450e37ee7f
    imports_resolved_ast: a667ab323294059ae9a1623dc4e1dfe1b79bf7433a82a201734febd071cc2571
    canonicalized_ast: b828cb1e7a5971627eb4ca52fa41ace9d0b314808d1480a10f6b9a4515d8eff1
    type_inferenced_ast: 46fbf77734c02dd82ac28560ded33c8d2da8973922dfc73163da157bb0fefb75
