---
namespace: Compile
expectation: Pass
outputs:
  - circuit:
      num_public_variables: 0
      num_private_variables: 2
      num_constraints: 2
      at: 401937c524c61a28b4fab76d7a1f85bb628850012af62362a0922610372faf92
      bt: cdf9a9cee4f2edf55111a95ae60bde9801080f6bde638a5c79273a39a2f9f7f5
      ct: 643d5437104296e21d906ecb15b2c96ad278f20cfc4af53b12bb6069bd853726
    output:
      - input_file: input/dummy.in
        output:
          registers:
            r0:
              type: bool
              value: "true"
    initial_ast: 37ca51064992ddc4296aa6a87b935ac789a1920a5d77286c6a2c6062d41540d8
    ir: 5370975ca99bfe53840b7aaaf4e73cb9c27bcb5913ca0d3191353cd2b24c9358
    imports_resolved_ast: fe501fa147d5881d23de69f7fea3e41e33367d27f363efbef56cb9050c25da5c
    canonicalized_ast: fe501fa147d5881d23de69f7fea3e41e33367d27f363efbef56cb9050c25da5c
    type_inferenced_ast: b64a7dc87f4ca404d0d015553990d9eba6f43ddbc7afe80faf0406f8ee956e7a
