---
namespace: Compile
expectation: Pass
outputs:
  - circuit:
      num_public_variables: 0
      num_private_variables: 2
      num_constraints: 2
      at: 401937c524c61a28b4fab76d7a1f85bb628850012af62362a0922610372faf92
      bt: cdf9a9cee4f2edf55111a95ae60bde9801080f6bde638a5c79273a39a2f9f7f5
      ct: 643d5437104296e21d906ecb15b2c96ad278f20cfc4af53b12bb6069bd853726
    output:
      - input_file: input/dummy.in
        output:
          registers:
            r0:
              type: bool
              value: "true"
    initial_ast: 34afaeffaf0e4b4c8ffb9ae06d437e873fd001f77a1731bf0380675d120fe3ac
    ir: 587f8f04fff41af4f22ad138cb08d061001679fffc2083a4f8f2009e24833755
    imports_resolved_ast: 6cede7958be845efa1b987e3dadfd9a4c35d8ec5d45665d168a1d61e31dc09d8
    canonicalized_ast: 2d3050ea266480c717fff6cdc788532aec273a6ff7f019ccc733be32f2a91b05
    type_inferenced_ast: 8a062f62b7ece840cd4303ee127f373590f63d5fd712af256946ae38f02f1ce4
