---
namespace: Compile
expectation: Pass
outputs:
  - circuit:
      num_public_variables: 0
      num_private_variables: 224
      num_constraints: 224
      at: ccf19b025615a81b1f19967fd069c140849429e932a38b245cda98b9acea2191
      bt: 57f1871a8d1ff309df7590b6b67374f185bb1b17d18e0bad3d75c9f537675e70
      ct: b92d53399a71512b25b4ee9f35327fe8a8e658b444fcf397b0d8cd6790448ff5
    output:
      - input_file: input/main_multi_dimension_array.in
        output:
          registers:
            r0:
              type: bool
              value: "true"
    initial_ast: 7a0a8853700db7122d4fd2693cd34951e243ba80a5ecbbe615e60f7695ce5a90
    ir: 0bb26b2c60a36795173c85a0bf14d0fb2365e5cdb2057e692de39fa6052af440
    imports_resolved_ast: b524dfce2a5ea8fcd165ff9d69012e7568467e269c1c2aec5594fea851925a98
    canonicalized_ast: 88c2fc041359e77ab64cdc753225fdd128a4b100d4826a6f848212b037fdd42a
    type_inferenced_ast: 9ba35719d5d756c8aaf6f5a0fade7fe40392bbfd433e166aded5f721c104f6d2
