---
namespace: Compile
expectation: Pass
outputs:
  - circuit:
      num_public_variables: 0
      num_private_variables: 12
      num_constraints: 9
      at: df88b362955f00b8c41afd9e31c9e41e4b8254a71ea0f3f2f97d5b6b8b767415
      bt: df58aff07b131c34e977ffb5657bbd21852f59fd7e059117c419c3c6070a7053
      ct: 335cdfb09b13172262042abccf4560511666deaa63cc1b3f30dd35dcb554840f
    output:
      - input_file: input/main_group.in
        output:
          registers: {}
    initial_ast: b4baa470816c8283b0fa63b62f923881250757a61b5eb1027a2a10a2b5258764
    ir: 0f6af29e5546dc9eb90ad1d60c78f80d177a7adaabbb396007ae592166c65fcf
    imports_resolved_ast: 54bcf764b738af81afb9315a146e8670e19ec5ff041b02f6f3bba1f967b7a9c9
    canonicalized_ast: 0e7b49fa73c28c934671e09796c5ffa7bd6e1023d15dbf1ae37ad4ffe5c6060e
    type_inferenced_ast: 7770db6356fa20bed1946b589711a5a34b9f0e46215c80acacb9e26fc61ed455
