---
namespace: Compile
expectation: Pass
outputs:
  - circuit:
      num_public_variables: 0
      num_private_variables: 163
      num_constraints: 166
      at: e2f969e491a428da7914fefa9228e607ef3fe626f45b62eae0c5ac5edffad114
      bt: 9023713ed07ce1c28f365db74e84c2d0436a61fb54a365de5a3d79837072efa1
      ct: fe4a6235b72520058f0db4ed71df4d5d1fb6e29f7a51f1c184cc48b73d3cefde
    output:
      - input_file: inputs/u32_3.in
        output:
          registers:
            a:
              type: bool
              value: "true"
    initial_ast: 6ac5b99c9bf9436fa89b941614d7dff98b1924e3bae5ba5688c1295a9438fe15
    ir: 431752f2625236723ce457191e8c24938afcd577e6c29e8f3e31567aeff09847
    imports_resolved_ast: a53a505c6c829834bde716e7c1164acd34ffb05546593983b9ee6fffa3a7d057
    canonicalized_ast: 1735038d198bf73a065cf38fe138645e5ceeb24701c4b4417390757b5e392c8c
    type_inferenced_ast: b1bbb6b44875465b53c3149f8d7dd4e64ca89e4c959f4c437f458de7846a1d30
