---
namespace: Compile
expectation: Pass
outputs:
  - circuit:
      num_public_variables: 0
      num_private_variables: 3
      num_constraints: 3
      at: 74affd242c169638ba2ba913cd2fa5d4070eef1055c7d8ac57dfb6d449d8fb14
      bt: fa4399093f64457849c38de4cad4cab3e1d90743e8be07d1b156b6088c5851ec
      ct: 5ae1625b488b3935122d8dd627fe575b388a5aa360378fa4407aad08baaed1e2
    output:
      - input_file: input/dummy.in
        output:
          registers:
            r0:
              type: bool
              value: "true"
    initial_ast: c27750c4b6b6f65d3fab7f9f0e4bee85b13196df6f8f5b24e526b3ef0875a5de
    ir: 20321f8b64265c3935eb5c943c59ac83dd7bda19509cef3c5a9147f9e44e394c
    imports_resolved_ast: 3fe37adf72f27c0823f7618c65e2b75edc823c804456e8088e5eda987d506951
    canonicalized_ast: 4d0ea31f292da3bcd03999d2bbdef76a9085c5492e87e99963146d71e6720559
    type_inferenced_ast: 4c52116a1b5d34cf530cc6cd4abc1b7924bd66ed56cb6afa453f2d0f2f508526
