---
namespace: Compile
expectation: Pass
outputs:
  - circuit:
      num_public_variables: 0
      num_private_variables: 3
      num_constraints: 3
      at: 74affd242c169638ba2ba913cd2fa5d4070eef1055c7d8ac57dfb6d449d8fb14
      bt: fa4399093f64457849c38de4cad4cab3e1d90743e8be07d1b156b6088c5851ec
      ct: 5ae1625b488b3935122d8dd627fe575b388a5aa360378fa4407aad08baaed1e2
    output:
      - input_file: input/dummy.in
        output:
          registers:
            r0:
              type: bool
              value: "true"
    initial_ast: 045a4f50a3efb0847c8213c3d644decd839d581bc80db37827da36ca980002a0
    ir: e169c1e38ed07d617d4ac7f80dbc58ab77768da39fafab9b7f46fa3b21ff5ee9
    imports_resolved_ast: aa8503aace6eb8334de532d68060a42a8a66c987d784102d3ac443c2915276f7
    canonicalized_ast: 5490f354fbf96a2c6738b21a2d3d57d60bd595a05e0f4eadfdb018f5f905fccd
    type_inferenced_ast: b13c6d7114a179bde5ab1f96a42a9f608379dee36e3763a1797f0ac216db656e
