---
namespace: Compile
expectation: Pass
outputs:
  - circuit:
      num_public_variables: 0
      num_private_variables: 3
      num_constraints: 3
      at: 74affd242c169638ba2ba913cd2fa5d4070eef1055c7d8ac57dfb6d449d8fb14
      bt: fa4399093f64457849c38de4cad4cab3e1d90743e8be07d1b156b6088c5851ec
      ct: 5ae1625b488b3935122d8dd627fe575b388a5aa360378fa4407aad08baaed1e2
    output:
      - input_file: input/dummy.in
        output:
          registers:
            r0:
              type: bool
              value: "true"
    initial_ast: 44c500fe1c309ac115e74e6672850683ee42522250d496de418d983edcecaf6c
    ir: 61b511abb350fa4aba3f44f3807906153d6211970142434d58ec4fc47dca1d90
    imports_resolved_ast: 2de87becb7d6c62c98be535ee707c3c86ab9c53591dfc6e8ddef42964801a674
    canonicalized_ast: 2de87becb7d6c62c98be535ee707c3c86ab9c53591dfc6e8ddef42964801a674
    type_inferenced_ast: 913bc9bd797af6df573b4651674b2c7c00f509ffb0ed36b15bc8724b4c4285d1
