---
namespace: Compile
expectation: Pass
outputs:
  - circuit:
      num_public_variables: 0
      num_private_variables: 113
      num_constraints: 114
      at: d322b11389067bfa3de3e1b7f1e3e564382d4ad3771bbf8657e939eed797544b
      bt: 480297d1273d42309369b4c4f27f7076720606e3582c24fabeac3afc8c3af1ea
      ct: 33c8d034b3aea9e88426996ff9c425351f065f3a48377739b7279c8f3ad84e21
    output:
      - input_file: tuple.in
        output:
          registers:
            r0:
              type: "(u8, u8)"
              value: "(1, 2)"
            r1:
              type: u32
              value: "103"
    initial_ast: 1edb048526ed397a97aa28d7ff5ed9b41e193f8a66bb6e1e1b101400de85d054
    ir: 283fd919edc8361e8bb713f0a31fd6ad64098186332eb689d029d98b0abce00b
    imports_resolved_ast: 8bb7c6eebd31d82df3a4408a08c41b07345c564cb954477e3246a1eb01a5e5db
    canonicalized_ast: 8bb7c6eebd31d82df3a4408a08c41b07345c564cb954477e3246a1eb01a5e5db
    type_inferenced_ast: 8743c0e687b8916435dd8fd29a23e819cfd8634520fca7ceacd497e94e05703c
