---
namespace: Compile
expectation: Pass
outputs:
  - circuit:
      num_public_variables: 0
      num_private_variables: 17
      num_constraints: 22
      at: 7d6dc9cd1cbe71c4b5d0329d442b2408a16c50ba1345d494cabff48554dbd157
      bt: e3862c961628e70ef491a702da0caded9e9b194b7bf04ad97c6a8d4dad40d96f
      ct: cbd3a34abf81f68fb0bdfe1d3c5ccc1493e5b13283bdb1faae75084e2c15a4ff
    output:
      - input_file: input/dummy.in
        output:
          registers:
            r0:
              type: bool
              value: "true"
    initial_ast: 904c422cf8d4f27719e5006df7a833bc543d65cc685138cabdf1abde8c95e701
    ir: 60f3a3771d3587aa7a415ec4f0b6e05e52513b008eb42b4ad998abbfc0d8ff0d
    imports_resolved_ast: 47753687688b96ede2160fcf54adaf7fc24ed2cb25f8472e34a0378d5f136b15
    canonicalized_ast: 8441e16e87393e597ee2d1b574c9bb2eaf88fc90546390ebcb50ed6cb8a5d429
    type_inferenced_ast: ced9cdfbdfe4dde9203e1c9a1b089cd4a4406029b442b6fb773c297196474016
